--------------------------------------------------------------------------------
Release 14.7 Trace  (nt64)
Copyright (c) 1995-2013 Xilinx, Inc.  All rights reserved.

D:\Programs\Xilinx\14.7\ISE_DS\ISE\bin\nt64\unwrapped\trce.exe -intstyle ise -v
3 -s 2 -n 3 -fastpaths -xml rol_mod.twx rol_mod.ncd -o rol_mod.twr rol_mod.pcf

Design file:              rol_mod.ncd
Physical constraint file: rol_mod.pcf
Device,package,speed:     xc6slx16,csg324,C,-2 (PRODUCTION 1.23 2013-10-13)
Report level:             verbose report

Environment Variable      Effect 
--------------------      ------ 
NONE                      No environment variables were set
--------------------------------------------------------------------------------

INFO:Timing:2698 - No timing constraints found, doing default enumeration.
INFO:Timing:3412 - To improve timing, see the Timing Closure User Guide (UG612).
INFO:Timing:2752 - To get complete path coverage, use the unconstrained paths 
   option. All paths that are not constrained will be reported in the 
   unconstrained paths section(s) of the report.
INFO:Timing:3339 - The clock-to-out numbers in this timing report are based on 
   a 50 Ohm transmission line loading model.  For the details of this model, 
   and for more information on accounting for different loading conditions, 
   please see the device datasheet.



Data Sheet report:
-----------------
All values displayed in nanoseconds (ns)

Pad to Pad
---------------+---------------+---------+
Source Pad     |Destination Pad|  Delay  |
---------------+---------------+---------+
b<0>           |rb<0>          |   13.948|
b<0>           |rb<8>          |   14.081|
b<0>           |rb<16>         |   13.940|
b<0>           |rb<24>         |   14.685|
b<1>           |rb<1>          |   13.655|
b<1>           |rb<9>          |   13.388|
b<1>           |rb<17>         |   14.007|
b<1>           |rb<25>         |   14.282|
b<2>           |rb<2>          |   14.224|
b<2>           |rb<10>         |   14.165|
b<2>           |rb<18>         |   14.509|
b<2>           |rb<26>         |   14.210|
b<3>           |rb<3>          |   13.160|
b<3>           |rb<11>         |   13.264|
b<3>           |rb<19>         |   13.549|
b<3>           |rb<27>         |   14.514|
b<4>           |rb<4>          |   13.534|
b<4>           |rb<12>         |   13.622|
b<4>           |rb<20>         |   14.067|
b<4>           |rb<28>         |   13.590|
b<5>           |rb<5>          |   13.223|
b<5>           |rb<13>         |   13.483|
b<5>           |rb<21>         |   14.247|
b<5>           |rb<29>         |   13.841|
b<6>           |rb<6>          |   13.527|
b<6>           |rb<14>         |   14.000|
b<6>           |rb<22>         |   14.082|
b<6>           |rb<30>         |   13.808|
b<7>           |rb<7>          |   13.085|
b<7>           |rb<15>         |   13.624|
b<7>           |rb<23>         |   13.851|
b<7>           |rb<31>         |   13.354|
b<8>           |rb<0>          |   13.451|
b<8>           |rb<8>          |   13.578|
b<8>           |rb<16>         |   14.307|
b<8>           |rb<24>         |   14.038|
b<9>           |rb<1>          |   13.548|
b<9>           |rb<9>          |   13.111|
b<9>           |rb<17>         |   13.827|
b<9>           |rb<25>         |   13.931|
b<10>          |rb<2>          |   13.364|
b<10>          |rb<10>         |   13.531|
b<10>          |rb<18>         |   13.768|
b<10>          |rb<26>         |   13.929|
b<11>          |rb<3>          |   13.243|
b<11>          |rb<11>         |   13.329|
b<11>          |rb<19>         |   13.826|
b<11>          |rb<27>         |   14.648|
b<12>          |rb<4>          |   14.186|
b<12>          |rb<12>         |   13.800|
b<12>          |rb<20>         |   13.872|
b<12>          |rb<28>         |   13.580|
b<13>          |rb<5>          |   13.465|
b<13>          |rb<13>         |   13.644|
b<13>          |rb<21>         |   14.225|
b<13>          |rb<29>         |   13.576|
b<14>          |rb<6>          |   13.612|
b<14>          |rb<14>         |   13.354|
b<14>          |rb<22>         |   14.726|
b<14>          |rb<30>         |   13.155|
b<15>          |rb<7>          |   12.860|
b<15>          |rb<15>         |   13.429|
b<15>          |rb<23>         |   14.083|
b<15>          |rb<31>         |   13.301|
b<16>          |rb<0>          |   12.723|
b<16>          |rb<8>          |   13.627|
b<16>          |rb<16>         |   13.331|
b<16>          |rb<24>         |   13.570|
b<17>          |rb<1>          |   12.338|
b<17>          |rb<9>          |   12.464|
b<17>          |rb<17>         |   13.068|
b<17>          |rb<25>         |   12.922|
b<18>          |rb<2>          |   12.780|
b<18>          |rb<10>         |   12.736|
b<18>          |rb<18>         |   13.143|
b<18>          |rb<26>         |   13.391|
b<19>          |rb<3>          |   12.438|
b<19>          |rb<11>         |   12.525|
b<19>          |rb<19>         |   12.846|
b<19>          |rb<27>         |   13.642|
b<20>          |rb<4>          |   13.447|
b<20>          |rb<12>         |   13.527|
b<20>          |rb<20>         |   13.954|
b<20>          |rb<28>         |   13.574|
b<21>          |rb<5>          |   13.296|
b<21>          |rb<13>         |   13.351|
b<21>          |rb<21>         |   13.746|
b<21>          |rb<29>         |   13.427|
b<22>          |rb<6>          |   13.347|
b<22>          |rb<14>         |   12.915|
b<22>          |rb<22>         |   13.407|
b<22>          |rb<30>         |   12.750|
b<23>          |rb<7>          |   13.112|
b<23>          |rb<15>         |   13.883|
b<23>          |rb<23>         |   13.734|
b<23>          |rb<31>         |   13.096|
b<24>          |rb<0>          |   12.544|
b<24>          |rb<8>          |   13.439|
b<24>          |rb<16>         |   13.542|
b<24>          |rb<24>         |   13.618|
b<25>          |rb<1>          |   12.415|
b<25>          |rb<9>          |   12.267|
b<25>          |rb<17>         |   12.973|
b<25>          |rb<25>         |   13.004|
b<26>          |rb<2>          |   12.799|
b<26>          |rb<10>         |   13.141|
b<26>          |rb<18>         |   13.495|
b<26>          |rb<26>         |   13.969|
b<27>          |rb<3>          |   13.082|
b<27>          |rb<11>         |   12.934|
b<27>          |rb<19>         |   13.266|
b<27>          |rb<27>         |   13.630|
b<28>          |rb<4>          |   12.880|
b<28>          |rb<12>         |   12.961|
b<28>          |rb<20>         |   13.553|
b<28>          |rb<28>         |   13.093|
b<29>          |rb<5>          |   13.328|
b<29>          |rb<13>         |   13.542|
b<29>          |rb<21>         |   13.798|
b<29>          |rb<29>         |   13.392|
b<30>          |rb<6>          |   13.255|
b<30>          |rb<14>         |   13.355|
b<30>          |rb<22>         |   13.899|
b<30>          |rb<30>         |   13.165|
b<31>          |rb<7>          |   13.318|
b<31>          |rb<15>         |   13.868|
b<31>          |rb<23>         |   14.372|
b<31>          |rb<31>         |   13.538|
r<0>           |rb<0>          |   13.450|
r<0>           |rb<1>          |   13.235|
r<0>           |rb<2>          |   14.028|
r<0>           |rb<3>          |   13.827|
r<0>           |rb<4>          |   14.385|
r<0>           |rb<5>          |   13.730|
r<0>           |rb<6>          |   13.876|
r<0>           |rb<7>          |   13.562|
r<0>           |rb<8>          |   13.549|
r<0>           |rb<9>          |   13.484|
r<0>           |rb<10>         |   14.324|
r<0>           |rb<11>         |   13.925|
r<0>           |rb<12>         |   14.840|
r<0>           |rb<13>         |   14.616|
r<0>           |rb<14>         |   13.931|
r<0>           |rb<15>         |   13.937|
r<0>           |rb<16>         |   14.082|
r<0>           |rb<17>         |   13.791|
r<0>           |rb<18>         |   14.589|
r<0>           |rb<19>         |   14.246|
r<0>           |rb<20>         |   14.450|
r<0>           |rb<21>         |   14.879|
r<0>           |rb<22>         |   14.483|
r<0>           |rb<23>         |   13.941|
r<0>           |rb<24>         |   13.748|
r<0>           |rb<25>         |   13.822|
r<0>           |rb<26>         |   14.525|
r<0>           |rb<27>         |   14.658|
r<0>           |rb<28>         |   14.168|
r<0>           |rb<29>         |   14.193|
r<0>           |rb<30>         |   13.987|
r<0>           |rb<31>         |   13.990|
r<1>           |rb<0>          |   12.711|
r<1>           |rb<1>          |   12.843|
r<1>           |rb<2>          |   13.691|
r<1>           |rb<3>          |   13.491|
r<1>           |rb<4>          |   13.835|
r<1>           |rb<5>          |   13.060|
r<1>           |rb<6>          |   13.033|
r<1>           |rb<7>          |   12.817|
r<1>           |rb<8>          |   13.054|
r<1>           |rb<9>          |   12.565|
r<1>           |rb<10>         |   13.674|
r<1>           |rb<11>         |   13.830|
r<1>           |rb<12>         |   13.911|
r<1>           |rb<13>         |   14.026|
r<1>           |rb<14>         |   13.450|
r<1>           |rb<15>         |   13.430|
r<1>           |rb<16>         |   13.374|
r<1>           |rb<17>         |   12.724|
r<1>           |rb<18>         |   13.738|
r<1>           |rb<19>         |   13.799|
r<1>           |rb<20>         |   13.990|
r<1>           |rb<21>         |   14.310|
r<1>           |rb<22>         |   13.798|
r<1>           |rb<23>         |   13.747|
r<1>           |rb<24>         |   13.097|
r<1>           |rb<25>         |   13.223|
r<1>           |rb<26>         |   13.996|
r<1>           |rb<27>         |   14.402|
r<1>           |rb<28>         |   13.510|
r<1>           |rb<29>         |   13.665|
r<1>           |rb<30>         |   13.258|
r<1>           |rb<31>         |   12.980|
---------------+---------------+---------+


Analysis completed Sun Oct 01 17:10:04 2017 
--------------------------------------------------------------------------------

Trace Settings:
-------------------------
Trace Settings 

Peak Memory Usage: 220 MB



