--------------------------------------------------------------------------------
Release 14.7 Trace  (nt64)
Copyright (c) 1995-2013 Xilinx, Inc.  All rights reserved.

D:\Programs\Xilinx\14.7\ISE_DS\ISE\bin\nt64\unwrapped\trce.exe -intstyle ise -v
3 -s 2 -n 3 -fastpaths -xml sub_bytes.twx sub_bytes.ncd -o sub_bytes.twr
sub_bytes.pcf

Design file:              sub_bytes.ncd
Physical constraint file: sub_bytes.pcf
Device,package,speed:     xc6slx16,csg324,C,-2 (PRODUCTION 1.23 2013-10-13)
Report level:             verbose report

Environment Variable      Effect 
--------------------      ------ 
NONE                      No environment variables were set
--------------------------------------------------------------------------------

INFO:Timing:2698 - No timing constraints found, doing default enumeration.
INFO:Timing:3412 - To improve timing, see the Timing Closure User Guide (UG612).
INFO:Timing:2752 - To get complete path coverage, use the unconstrained paths 
   option. All paths that are not constrained will be reported in the 
   unconstrained paths section(s) of the report.
INFO:Timing:3339 - The clock-to-out numbers in this timing report are based on 
   a 50 Ohm transmission line loading model.  For the details of this model, 
   and for more information on accounting for different loading conditions, 
   please see the device datasheet.



Data Sheet report:
-----------------
All values displayed in nanoseconds (ns)

Pad to Pad
---------------+---------------+---------+
Source Pad     |Destination Pad|  Delay  |
---------------+---------------+---------+
b<0>           |sb<0>          |   13.910|
b<0>           |sb<1>          |   14.539|
b<0>           |sb<2>          |   14.080|
b<0>           |sb<3>          |   15.062|
b<0>           |sb<4>          |   14.751|
b<0>           |sb<5>          |   13.996|
b<0>           |sb<6>          |   15.406|
b<0>           |sb<7>          |   14.667|
b<1>           |sb<0>          |   13.841|
b<1>           |sb<1>          |   14.341|
b<1>           |sb<2>          |   14.410|
b<1>           |sb<3>          |   14.533|
b<1>           |sb<4>          |   14.894|
b<1>           |sb<5>          |   13.945|
b<1>           |sb<6>          |   15.518|
b<1>           |sb<7>          |   14.953|
b<2>           |sb<0>          |   13.865|
b<2>           |sb<1>          |   14.219|
b<2>           |sb<2>          |   13.975|
b<2>           |sb<3>          |   14.710|
b<2>           |sb<4>          |   14.331|
b<2>           |sb<5>          |   13.731|
b<2>           |sb<6>          |   14.905|
b<2>           |sb<7>          |   14.318|
b<3>           |sb<0>          |   13.508|
b<3>           |sb<1>          |   14.406|
b<3>           |sb<2>          |   14.043|
b<3>           |sb<3>          |   15.052|
b<3>           |sb<4>          |   14.646|
b<3>           |sb<5>          |   13.876|
b<3>           |sb<6>          |   15.364|
b<3>           |sb<7>          |   14.825|
b<4>           |sb<0>          |   14.044|
b<4>           |sb<1>          |   14.205|
b<4>           |sb<2>          |   14.690|
b<4>           |sb<3>          |   15.166|
b<4>           |sb<4>          |   14.801|
b<4>           |sb<5>          |   14.654|
b<4>           |sb<6>          |   14.783|
b<4>           |sb<7>          |   14.899|
b<5>           |sb<0>          |   13.603|
b<5>           |sb<1>          |   14.438|
b<5>           |sb<2>          |   14.160|
b<5>           |sb<3>          |   14.749|
b<5>           |sb<4>          |   14.769|
b<5>           |sb<5>          |   14.437|
b<5>           |sb<6>          |   14.703|
b<5>           |sb<7>          |   14.897|
b<6>           |sb<0>          |   13.226|
b<6>           |sb<1>          |   13.854|
b<6>           |sb<2>          |   13.869|
b<6>           |sb<3>          |   13.967|
b<6>           |sb<4>          |   13.928|
b<6>           |sb<5>          |   13.584|
b<6>           |sb<6>          |   14.350|
b<6>           |sb<7>          |   14.297|
b<7>           |sb<0>          |   12.980|
b<7>           |sb<1>          |   13.608|
b<7>           |sb<2>          |   13.804|
b<7>           |sb<3>          |   14.231|
b<7>           |sb<4>          |   13.993|
b<7>           |sb<5>          |   13.520|
b<7>           |sb<6>          |   14.390|
b<7>           |sb<7>          |   14.058|
b<8>           |sb<8>          |   13.199|
b<8>           |sb<9>          |   14.077|
b<8>           |sb<10>         |   14.394|
b<8>           |sb<11>         |   14.014|
b<8>           |sb<12>         |   14.035|
b<8>           |sb<13>         |   13.799|
b<8>           |sb<14>         |   14.033|
b<8>           |sb<15>         |   13.736|
b<9>           |sb<8>          |   13.131|
b<9>           |sb<9>          |   14.181|
b<9>           |sb<10>         |   14.298|
b<9>           |sb<11>         |   14.171|
b<9>           |sb<12>         |   14.101|
b<9>           |sb<13>         |   13.719|
b<9>           |sb<14>         |   14.099|
b<9>           |sb<15>         |   13.660|
b<10>          |sb<8>          |   13.731|
b<10>          |sb<9>          |   14.570|
b<10>          |sb<10>         |   14.552|
b<10>          |sb<11>         |   14.487|
b<10>          |sb<12>         |   14.062|
b<10>          |sb<13>         |   14.092|
b<10>          |sb<14>         |   14.514|
b<10>          |sb<15>         |   13.791|
b<11>          |sb<8>          |   13.643|
b<11>          |sb<9>          |   14.606|
b<11>          |sb<10>         |   14.265|
b<11>          |sb<11>         |   14.051|
b<11>          |sb<12>         |   13.878|
b<11>          |sb<13>         |   13.614|
b<11>          |sb<14>         |   14.336|
b<11>          |sb<15>         |   13.953|
b<12>          |sb<8>          |   13.809|
b<12>          |sb<9>          |   14.195|
b<12>          |sb<10>         |   14.536|
b<12>          |sb<11>         |   13.779|
b<12>          |sb<12>         |   14.521|
b<12>          |sb<13>         |   13.613|
b<12>          |sb<14>         |   14.540|
b<12>          |sb<15>         |   14.116|
b<13>          |sb<8>          |   14.265|
b<13>          |sb<9>          |   14.852|
b<13>          |sb<10>         |   15.081|
b<13>          |sb<11>         |   14.846|
b<13>          |sb<12>         |   14.874|
b<13>          |sb<13>         |   14.504|
b<13>          |sb<14>         |   14.750|
b<13>          |sb<15>         |   14.392|
b<14>          |sb<8>          |   13.433|
b<14>          |sb<9>          |   14.419|
b<14>          |sb<10>         |   14.904|
b<14>          |sb<11>         |   14.389|
b<14>          |sb<12>         |   14.762|
b<14>          |sb<13>         |   13.817|
b<14>          |sb<14>         |   14.983|
b<14>          |sb<15>         |   14.027|
b<15>          |sb<8>          |   13.761|
b<15>          |sb<9>          |   14.045|
b<15>          |sb<10>         |   13.949|
b<15>          |sb<11>         |   14.128|
b<15>          |sb<12>         |   14.115|
b<15>          |sb<13>         |   13.681|
b<15>          |sb<14>         |   14.652|
b<15>          |sb<15>         |   14.258|
b<16>          |sb<16>         |   14.854|
b<16>          |sb<17>         |   14.783|
b<16>          |sb<18>         |   14.207|
b<16>          |sb<19>         |   14.320|
b<16>          |sb<20>         |   13.963|
b<16>          |sb<21>         |   14.098|
b<16>          |sb<22>         |   14.286|
b<16>          |sb<23>         |   13.929|
b<17>          |sb<16>         |   14.035|
b<17>          |sb<17>         |   14.372|
b<17>          |sb<18>         |   14.122|
b<17>          |sb<19>         |   13.955|
b<17>          |sb<20>         |   14.533|
b<17>          |sb<21>         |   14.607|
b<17>          |sb<22>         |   14.627|
b<17>          |sb<23>         |   14.806|
b<18>          |sb<16>         |   14.394|
b<18>          |sb<17>         |   14.267|
b<18>          |sb<18>         |   14.049|
b<18>          |sb<19>         |   13.724|
b<18>          |sb<20>         |   14.020|
b<18>          |sb<21>         |   14.317|
b<18>          |sb<22>         |   14.149|
b<18>          |sb<23>         |   14.074|
b<19>          |sb<16>         |   14.284|
b<19>          |sb<17>         |   14.357|
b<19>          |sb<18>         |   13.413|
b<19>          |sb<19>         |   13.813|
b<19>          |sb<20>         |   13.514|
b<19>          |sb<21>         |   14.445|
b<19>          |sb<22>         |   14.462|
b<19>          |sb<23>         |   13.718|
b<20>          |sb<16>         |   14.267|
b<20>          |sb<17>         |   14.472|
b<20>          |sb<18>         |   13.587|
b<20>          |sb<19>         |   14.279|
b<20>          |sb<20>         |   13.985|
b<20>          |sb<21>         |   14.687|
b<20>          |sb<22>         |   14.632|
b<20>          |sb<23>         |   13.926|
b<21>          |sb<16>         |   14.678|
b<21>          |sb<17>         |   14.908|
b<21>          |sb<18>         |   13.823|
b<21>          |sb<19>         |   14.207|
b<21>          |sb<20>         |   14.564|
b<21>          |sb<21>         |   14.514|
b<21>          |sb<22>         |   14.441|
b<21>          |sb<23>         |   14.298|
b<22>          |sb<16>         |   13.888|
b<22>          |sb<17>         |   13.713|
b<22>          |sb<18>         |   13.745|
b<22>          |sb<19>         |   13.678|
b<22>          |sb<20>         |   13.359|
b<22>          |sb<21>         |   13.830|
b<22>          |sb<22>         |   14.088|
b<22>          |sb<23>         |   13.781|
b<23>          |sb<16>         |   13.694|
b<23>          |sb<17>         |   13.674|
b<23>          |sb<18>         |   13.482|
b<23>          |sb<19>         |   13.626|
b<23>          |sb<20>         |   13.299|
b<23>          |sb<21>         |   13.647|
b<23>          |sb<22>         |   13.893|
b<23>          |sb<23>         |   13.557|
b<24>          |sb<24>         |   14.079|
b<24>          |sb<25>         |   14.022|
b<24>          |sb<26>         |   14.283|
b<24>          |sb<27>         |   14.309|
b<24>          |sb<28>         |   14.433|
b<24>          |sb<29>         |   13.700|
b<24>          |sb<30>         |   14.022|
b<24>          |sb<31>         |   12.906|
b<25>          |sb<24>         |   14.148|
b<25>          |sb<25>         |   14.215|
b<25>          |sb<26>         |   13.948|
b<25>          |sb<27>         |   14.302|
b<25>          |sb<28>         |   13.673|
b<25>          |sb<29>         |   13.691|
b<25>          |sb<30>         |   13.615|
b<25>          |sb<31>         |   12.988|
b<26>          |sb<24>         |   14.451|
b<26>          |sb<25>         |   14.464|
b<26>          |sb<26>         |   14.687|
b<26>          |sb<27>         |   14.954|
b<26>          |sb<28>         |   14.614|
b<26>          |sb<29>         |   13.870|
b<26>          |sb<30>         |   14.637|
b<26>          |sb<31>         |   13.399|
b<27>          |sb<24>         |   13.944|
b<27>          |sb<25>         |   14.247|
b<27>          |sb<26>         |   14.830|
b<27>          |sb<27>         |   14.175|
b<27>          |sb<28>         |   14.288|
b<27>          |sb<29>         |   14.571|
b<27>          |sb<30>         |   13.940|
b<27>          |sb<31>         |   13.635|
b<28>          |sb<24>         |   14.445|
b<28>          |sb<25>         |   14.848|
b<28>          |sb<26>         |   14.957|
b<28>          |sb<27>         |   14.401|
b<28>          |sb<28>         |   14.643|
b<28>          |sb<29>         |   14.530|
b<28>          |sb<30>         |   14.035|
b<28>          |sb<31>         |   14.490|
b<29>          |sb<24>         |   14.271|
b<29>          |sb<25>         |   14.759|
b<29>          |sb<26>         |   14.576|
b<29>          |sb<27>         |   14.074|
b<29>          |sb<28>         |   14.106|
b<29>          |sb<29>         |   14.191|
b<29>          |sb<30>         |   13.886|
b<29>          |sb<31>         |   13.899|
b<30>          |sb<24>         |   13.892|
b<30>          |sb<25>         |   14.181|
b<30>          |sb<26>         |   14.268|
b<30>          |sb<27>         |   14.041|
b<30>          |sb<28>         |   13.995|
b<30>          |sb<29>         |   13.660|
b<30>          |sb<30>         |   13.720|
b<30>          |sb<31>         |   13.156|
b<31>          |sb<24>         |   13.797|
b<31>          |sb<25>         |   13.972|
b<31>          |sb<26>         |   14.059|
b<31>          |sb<27>         |   14.067|
b<31>          |sb<28>         |   13.786|
b<31>          |sb<29>         |   13.451|
b<31>          |sb<30>         |   13.967|
b<31>          |sb<31>         |   12.947|
---------------+---------------+---------+


Analysis completed Tue Oct 03 16:14:34 2017 
--------------------------------------------------------------------------------

Trace Settings:
-------------------------
Trace Settings 

Peak Memory Usage: 221 MB



